| RAM[0] |RAM[261]|RAM[262]|
|     48 |      6 |      8 |
